// Jest Snapshot v1, https://goo.gl/fbAQLP

exports[`Disclaimer renders correctly 1`] = `
<BVLinearGradient
  colors={
    Array [
      4278190080,
      4278190080,
    ]
  }
  locations={
    Array [
      0,
      1,
    ]
  }
  style={
    Object {
      "flex": 1,
    }
  }
>
  <RCTSafeAreaView
    style={
      Object {
        "flex": 1,
      }
    }
  >
    <View
      onLayout={[Function]}
    >
      <View
        style={
          Array [
            undefined,
            null,
          ]
        }
      >
        <View
          style={
            Array [
              undefined,
              undefined,
            ]
          }
        />
        <View
          style={
            Array [
              undefined,
              undefined,
              null,
            ]
          }
        >
          <Text
            accessible={true}
            allowFontScaling={true}
            ellipsizeMode="tail"
            numberOfLines={1}
            style={
              Array [
                Object {
                  "fontFamily": "OpenSans-Regular",
                },
                Array [
                  undefined,
                  null,
                ],
              ]
            }
          >
            Disclaimer
          </Text>
        </View>
        <View
          style={
            Array [
              undefined,
              undefined,
            ]
          }
        />
      </View>
      <View
        style={
          Array [
            undefined,
            undefined,
          ]
        }
      >
        <View>
          <RCTScrollView
            showsVerticalScrollIndicator={false}
          >
            <View>
              <Text
                accessible={true}
                allowFontScaling={true}
                ellipsizeMode="tail"
                style={
                  Array [
                    Object {
                      "fontFamily": "OpenSans-Regular",
                    },
                    null,
                  ]
                }
              >
                content
              </Text>
            </View>
          </RCTScrollView>
        </View>
        <View
          style={
            Array [
              Array [
                undefined,
                undefined,
              ],
              false,
            ]
          }
        >
          <View
            accessible={true}
            isTVSelectable={true}
            onResponderGrant={[Function]}
            onResponderMove={[Function]}
            onResponderRelease={[Function]}
            onResponderTerminate={[Function]}
            onResponderTerminationRequest={[Function]}
            onStartShouldSetResponder={[Function]}
            style={
              Object {
                "opacity": 1,
              }
            }
          >
            <View
              style={
                Array [
                  Object {
                    "alignItems": "center",
                    "backgroundColor": "#2089dc",
                    "borderRadius": 3,
                    "flexDirection": "row",
                    "justifyContent": "center",
                  },
                  Array [
                    undefined,
                  ],
                  false,
                  false,
                  false,
                  undefined,
                ]
              }
            >
              <Text
                accessible={true}
                allowFontScaling={true}
                ellipsizeMode="tail"
                style={
                  Array [
                    Object {
                      "backgroundColor": "transparent",
                      "color": "white",
                      "fontSize": 18,
                      "padding": 8,
                      "textAlign": "center",
                    },
                    undefined,
                    false,
                    false,
                  ]
                }
              >
                accept
              </Text>
            </View>
          </View>
        </View>
      </View>
    </View>
  </RCTSafeAreaView>
</BVLinearGradient>
`;
