// Jest Snapshot v1, https://goo.gl/fbAQLP

exports[`About renders correctly 1`] = `
<BVLinearGradient
  colors={
    Array [
      4293914607,
      4293914607,
    ]
  }
  locations={
    Array [
      0,
      1,
    ]
  }
  style={
    Object {
      "flex": 1,
    }
  }
>
  <RCTSafeAreaView
    style={
      Object {
        "flex": 1,
      }
    }
  >
    <View
      onLayout={[Function]}
    >
      <View
        style={
          Array [
            undefined,
            null,
          ]
        }
      >
        <View
          style={
            Array [
              undefined,
              undefined,
            ]
          }
        >
          <View
            accessible={true}
            isTVSelectable={true}
            onResponderGrant={[Function]}
            onResponderMove={[Function]}
            onResponderRelease={[Function]}
            onResponderTerminate={[Function]}
            onResponderTerminationRequest={[Function]}
            onStartShouldSetResponder={[Function]}
            style={
              Object {
                "opacity": 1,
              }
            }
          >
            <Text
              accessible={true}
              allowFontScaling={false}
              ellipsizeMode="tail"
              style={
                Array [
                  Object {
                    "color": undefined,
                    "fontSize": 12,
                  },
                  undefined,
                  Object {
                    "fontFamily": "Material Design Icons",
                    "fontStyle": "normal",
                    "fontWeight": "normal",
                  },
                  Object {},
                ]
              }
            >
              
            </Text>
          </View>
        </View>
        <View
          style={
            Array [
              undefined,
              undefined,
              null,
            ]
          }
        >
          <Text
            accessible={true}
            allowFontScaling={true}
            ellipsizeMode="tail"
            numberOfLines={1}
            style={
              Array [
                Object {
                  "fontFamily": "OpenSans-Regular",
                },
                Array [
                  undefined,
                  null,
                ],
              ]
            }
          >
            Settings
          </Text>
        </View>
        <View
          style={
            Array [
              undefined,
              undefined,
            ]
          }
        />
      </View>
      <RCTScrollView>
        <View>
          <View
            style={
              Array [
                undefined,
                undefined,
              ]
            }
          >
            <View>
              <View>
                <Text
                  accessible={true}
                  allowFontScaling={true}
                  ellipsizeMode="tail"
                  style={
                    Array [
                      Object {
                        "fontFamily": "OpenSans-Regular",
                      },
                      null,
                    ]
                  }
                >
                  Public Key
                </Text>
                <Text
                  accessible={true}
                  allowFontScaling={true}
                  ellipsizeMode="tail"
                  style={
                    Array [
                      Object {
                        "fontFamily": "OpenSans-Regular",
                      },
                      null,
                    ]
                  }
                >
                  
                </Text>
              </View>
              <View>
                <Text
                  accessible={true}
                  allowFontScaling={true}
                  ellipsizeMode="tail"
                  style={
                    Array [
                      Object {
                        "fontFamily": "OpenSans-Regular",
                      },
                      null,
                    ]
                  }
                >
                  Recovery phrase
                </Text>
                <Text
                  accessible={true}
                  allowFontScaling={true}
                  ellipsizeMode="tail"
                  style={
                    Array [
                      Object {
                        "fontFamily": "OpenSans-Regular",
                      },
                      null,
                    ]
                  }
                >
                  
                </Text>
              </View>
              <View>
                <View
                  style={
                    Array [
                      Object {},
                      false,
                    ]
                  }
                >
                  <View
                    accessible={true}
                    isTVSelectable={true}
                    onResponderGrant={[Function]}
                    onResponderMove={[Function]}
                    onResponderRelease={[Function]}
                    onResponderTerminate={[Function]}
                    onResponderTerminationRequest={[Function]}
                    onStartShouldSetResponder={[Function]}
                    style={
                      Object {
                        "opacity": 1,
                      }
                    }
                  >
                    <View
                      style={
                        Array [
                          Object {
                            "alignItems": "center",
                            "backgroundColor": "#2089dc",
                            "borderRadius": 3,
                            "flexDirection": "row",
                            "justifyContent": "center",
                          },
                          Array [
                            undefined,
                            undefined,
                          ],
                          false,
                          false,
                          false,
                          undefined,
                        ]
                      }
                    >
                      <Text
                        accessible={true}
                        allowFontScaling={true}
                        ellipsizeMode="tail"
                        style={
                          Array [
                            Object {
                              "backgroundColor": "transparent",
                              "color": "white",
                              "fontSize": 18,
                              "padding": 8,
                              "textAlign": "center",
                            },
                            undefined,
                            false,
                            false,
                          ]
                        }
                      >
                        Export
                      </Text>
                    </View>
                  </View>
                </View>
              </View>
            </View>
          </View>
        </View>
      </RCTScrollView>
    </View>
  </RCTSafeAreaView>
</BVLinearGradient>
`;
